[35m[1mConsolidate compiler generated dependencies of target Ros2_main[0m
[35m[1mConsolidate compiler generated dependencies of target Ros2fg_bridge[0m
[ 75%] [32mBuilding CXX object CMakeFiles/Ros2fg_bridge.dir/src/Ros2fg_bridge.cpp.o[0m
[ 75%] Built target Ros2_main
[100%] [32m[1mLinking CXX executable Ros2fg_bridge[0m
[100%] Built target Ros2fg_bridge
-- Install configuration: ""
-- Up-to-date: /home/diego/Ros2_fg_prj/install/fg_bridge/lib/fg_bridge/Ros2_main
-- Installing: /home/diego/Ros2_fg_prj/install/fg_bridge/lib/fg_bridge/Ros2fg_bridge
-- Set runtime path of "/home/diego/Ros2_fg_prj/install/fg_bridge/lib/fg_bridge/Ros2fg_bridge" to ""
-- Up-to-date: /home/diego/Ros2_fg_prj/install/fg_bridge/share/ament_index/resource_index/package_run_dependencies/fg_bridge
-- Up-to-date: /home/diego/Ros2_fg_prj/install/fg_bridge/share/ament_index/resource_index/parent_prefix_path/fg_bridge
-- Up-to-date: /home/diego/Ros2_fg_prj/install/fg_bridge/share/fg_bridge/environment/ament_prefix_path.sh
-- Up-to-date: /home/diego/Ros2_fg_prj/install/fg_bridge/share/fg_bridge/environment/ament_prefix_path.dsv
-- Up-to-date: /home/diego/Ros2_fg_prj/install/fg_bridge/share/fg_bridge/environment/path.sh
-- Up-to-date: /home/diego/Ros2_fg_prj/install/fg_bridge/share/fg_bridge/environment/path.dsv
-- Up-to-date: /home/diego/Ros2_fg_prj/install/fg_bridge/share/fg_bridge/local_setup.bash
-- Up-to-date: /home/diego/Ros2_fg_prj/install/fg_bridge/share/fg_bridge/local_setup.sh
-- Up-to-date: /home/diego/Ros2_fg_prj/install/fg_bridge/share/fg_bridge/local_setup.zsh
-- Up-to-date: /home/diego/Ros2_fg_prj/install/fg_bridge/share/fg_bridge/local_setup.dsv
-- Installing: /home/diego/Ros2_fg_prj/install/fg_bridge/share/fg_bridge/package.dsv
-- Up-to-date: /home/diego/Ros2_fg_prj/install/fg_bridge/share/ament_index/resource_index/packages/fg_bridge
-- Up-to-date: /home/diego/Ros2_fg_prj/install/fg_bridge/share/fg_bridge/cmake/fg_bridgeConfig.cmake
-- Up-to-date: /home/diego/Ros2_fg_prj/install/fg_bridge/share/fg_bridge/cmake/fg_bridgeConfig-version.cmake
-- Up-to-date: /home/diego/Ros2_fg_prj/install/fg_bridge/share/fg_bridge/package.xml
