[0.093s] DEBUG:colcon:Command line arguments: ['/usr/bin/colcon', 'build', '--symlink-install']
[0.093s] DEBUG:colcon:Parsed command line arguments: Namespace(log_base=None, log_level=None, verb_name='build', build_base='build', install_base='install', merge_install=False, symlink_install=True, test_result_base=None, continue_on_error=False, executor='parallel', parallel_workers=12, event_handlers=None, ignore_user_meta=False, metas=['./colcon.meta'], base_paths=['.'], packages_ignore=None, packages_ignore_regex=None, paths=None, packages_up_to=None, packages_up_to_regex=None, packages_above=None, packages_above_and_dependencies=None, packages_above_depth=None, packages_select_by_dep=None, packages_skip_by_dep=None, packages_skip_up_to=None, packages_select_build_failed=False, packages_skip_build_finished=False, packages_select_test_failures=False, packages_skip_test_passed=False, packages_select=None, packages_skip=None, packages_select_regex=None, packages_skip_regex=None, packages_start=None, packages_end=None, allow_overriding=[], cmake_args=None, cmake_target=None, cmake_target_skip_unavailable=False, cmake_clean_cache=False, cmake_clean_first=False, cmake_force_configure=False, ament_cmake_args=None, catkin_cmake_args=None, catkin_skip_building_tests=False, verb_parser=<colcon_defaults.argument_parser.defaults.DefaultArgumentsDecorator object at 0x7ed472e5d0f0>, verb_extension=<colcon_core.verb.build.BuildVerb object at 0x7ed472f6a860>, main=<bound method BuildVerb.main of <colcon_core.verb.build.BuildVerb object at 0x7ed472f6a860>>)
[0.248s] Level 1:colcon.colcon_core.package_discovery:discover_packages(colcon_meta) check parameters
[0.248s] Level 1:colcon.colcon_core.package_discovery:discover_packages(recursive) check parameters
[0.248s] Level 1:colcon.colcon_core.package_discovery:discover_packages(ignore) check parameters
[0.248s] Level 1:colcon.colcon_core.package_discovery:discover_packages(path) check parameters
[0.248s] Level 1:colcon.colcon_core.package_discovery:discover_packages(colcon_meta) discover
[0.249s] Level 1:colcon.colcon_core.package_discovery:discover_packages(recursive) discover
[0.249s] INFO:colcon.colcon_core.package_discovery:Crawling recursively for packages in '/home/diego/Ros2_fg_prj'
[0.249s] Level 1:colcon.colcon_core.package_identification:_identify(.) by extensions ['ignore', 'ignore_ament_install']
[0.249s] Level 1:colcon.colcon_core.package_identification:_identify(.) by extension 'ignore'
[0.249s] Level 1:colcon.colcon_core.package_identification:_identify(.) by extension 'ignore_ament_install'
[0.249s] Level 1:colcon.colcon_core.package_identification:_identify(.) by extensions ['colcon_pkg']
[0.249s] Level 1:colcon.colcon_core.package_identification:_identify(.) by extension 'colcon_pkg'
[0.249s] Level 1:colcon.colcon_core.package_identification:_identify(.) by extensions ['colcon_meta']
[0.249s] Level 1:colcon.colcon_core.package_identification:_identify(.) by extension 'colcon_meta'
[0.249s] Level 1:colcon.colcon_core.package_identification:_identify(.) by extensions ['ros']
[0.249s] Level 1:colcon.colcon_core.package_identification:_identify(.) by extension 'ros'
[0.259s] Level 1:colcon.colcon_core.package_identification:_identify(.) by extensions ['cmake', 'python']
[0.259s] Level 1:colcon.colcon_core.package_identification:_identify(.) by extension 'cmake'
[0.259s] Level 1:colcon.colcon_core.package_identification:_identify(.) by extension 'python'
[0.259s] Level 1:colcon.colcon_core.package_identification:_identify(.) by extensions ['python_setup_py']
[0.259s] Level 1:colcon.colcon_core.package_identification:_identify(.) by extension 'python_setup_py'
[0.259s] Level 1:colcon.colcon_core.package_identification:_identify(build) by extensions ['ignore', 'ignore_ament_install']
[0.259s] Level 1:colcon.colcon_core.package_identification:_identify(build) by extension 'ignore'
[0.259s] Level 1:colcon.colcon_core.package_identification:_identify(build) ignored
[0.259s] Level 1:colcon.colcon_core.package_identification:_identify(install) by extensions ['ignore', 'ignore_ament_install']
[0.259s] Level 1:colcon.colcon_core.package_identification:_identify(install) by extension 'ignore'
[0.259s] Level 1:colcon.colcon_core.package_identification:_identify(install) ignored
[0.259s] Level 1:colcon.colcon_core.package_identification:_identify(log) by extensions ['ignore', 'ignore_ament_install']
[0.260s] Level 1:colcon.colcon_core.package_identification:_identify(log) by extension 'ignore'
[0.260s] Level 1:colcon.colcon_core.package_identification:_identify(log) ignored
[0.260s] Level 1:colcon.colcon_core.package_identification:_identify(src) by extensions ['ignore', 'ignore_ament_install']
[0.260s] Level 1:colcon.colcon_core.package_identification:_identify(src) by extension 'ignore'
[0.260s] Level 1:colcon.colcon_core.package_identification:_identify(src) by extension 'ignore_ament_install'
[0.260s] Level 1:colcon.colcon_core.package_identification:_identify(src) by extensions ['colcon_pkg']
[0.260s] Level 1:colcon.colcon_core.package_identification:_identify(src) by extension 'colcon_pkg'
[0.260s] Level 1:colcon.colcon_core.package_identification:_identify(src) by extensions ['colcon_meta']
[0.260s] Level 1:colcon.colcon_core.package_identification:_identify(src) by extension 'colcon_meta'
[0.260s] Level 1:colcon.colcon_core.package_identification:_identify(src) by extensions ['ros']
[0.260s] Level 1:colcon.colcon_core.package_identification:_identify(src) by extension 'ros'
[0.260s] Level 1:colcon.colcon_core.package_identification:_identify(src) by extensions ['cmake', 'python']
[0.260s] Level 1:colcon.colcon_core.package_identification:_identify(src) by extension 'cmake'
[0.260s] Level 1:colcon.colcon_core.package_identification:_identify(src) by extension 'python'
[0.260s] Level 1:colcon.colcon_core.package_identification:_identify(src) by extensions ['python_setup_py']
[0.260s] Level 1:colcon.colcon_core.package_identification:_identify(src) by extension 'python_setup_py'
[0.260s] Level 1:colcon.colcon_core.package_identification:_identify(src/build) by extensions ['ignore', 'ignore_ament_install']
[0.260s] Level 1:colcon.colcon_core.package_identification:_identify(src/build) by extension 'ignore'
[0.260s] Level 1:colcon.colcon_core.package_identification:_identify(src/build) ignored
[0.260s] Level 1:colcon.colcon_core.package_identification:_identify(src/fg_node) by extensions ['ignore', 'ignore_ament_install']
[0.260s] Level 1:colcon.colcon_core.package_identification:_identify(src/fg_node) by extension 'ignore'
[0.261s] Level 1:colcon.colcon_core.package_identification:_identify(src/fg_node) by extension 'ignore_ament_install'
[0.261s] Level 1:colcon.colcon_core.package_identification:_identify(src/fg_node) by extensions ['colcon_pkg']
[0.261s] Level 1:colcon.colcon_core.package_identification:_identify(src/fg_node) by extension 'colcon_pkg'
[0.261s] Level 1:colcon.colcon_core.package_identification:_identify(src/fg_node) by extensions ['colcon_meta']
[0.261s] Level 1:colcon.colcon_core.package_identification:_identify(src/fg_node) by extension 'colcon_meta'
[0.261s] Level 1:colcon.colcon_core.package_identification:_identify(src/fg_node) by extensions ['ros']
[0.261s] Level 1:colcon.colcon_core.package_identification:_identify(src/fg_node) by extension 'ros'
[0.263s] DEBUG:colcon.colcon_core.package_identification:Package 'src/fg_node' with type 'ros.ament_cmake' and name 'fg_bridge'
[0.263s] Level 1:colcon.colcon_core.package_identification:_identify(src/install) by extensions ['ignore', 'ignore_ament_install']
[0.263s] Level 1:colcon.colcon_core.package_identification:_identify(src/install) by extension 'ignore'
[0.263s] Level 1:colcon.colcon_core.package_identification:_identify(src/install) ignored
[0.263s] Level 1:colcon.colcon_core.package_identification:_identify(src/log) by extensions ['ignore', 'ignore_ament_install']
[0.263s] Level 1:colcon.colcon_core.package_identification:_identify(src/log) by extension 'ignore'
[0.263s] Level 1:colcon.colcon_core.package_identification:_identify(src/log) ignored
[0.263s] Level 1:colcon.colcon_core.package_discovery:discover_packages(recursive) using defaults
[0.263s] Level 1:colcon.colcon_core.package_discovery:discover_packages(ignore) discover
[0.263s] Level 1:colcon.colcon_core.package_discovery:discover_packages(ignore) using defaults
[0.263s] Level 1:colcon.colcon_core.package_discovery:discover_packages(path) discover
[0.263s] Level 1:colcon.colcon_core.package_discovery:discover_packages(path) using defaults
[0.293s] Level 1:colcon.colcon_core.package_discovery:discover_packages(prefix_path) check parameters
[0.293s] Level 1:colcon.colcon_core.package_discovery:discover_packages(prefix_path) discover
[0.295s] DEBUG:colcon.colcon_installed_package_information.package_discovery:Found 1 installed packages in /home/diego/Ros2_fg_prj/install
[0.297s] DEBUG:colcon.colcon_installed_package_information.package_discovery:Found 413 installed packages in /opt/ros/humble
[0.298s] Level 1:colcon.colcon_core.package_discovery:discover_packages(prefix_path) using defaults
[0.344s] Level 5:colcon.colcon_core.verb:set package 'fg_bridge' build argument 'cmake_args' from command line to 'None'
[0.344s] Level 5:colcon.colcon_core.verb:set package 'fg_bridge' build argument 'cmake_target' from command line to 'None'
[0.344s] Level 5:colcon.colcon_core.verb:set package 'fg_bridge' build argument 'cmake_target_skip_unavailable' from command line to 'False'
[0.344s] Level 5:colcon.colcon_core.verb:set package 'fg_bridge' build argument 'cmake_clean_cache' from command line to 'False'
[0.344s] Level 5:colcon.colcon_core.verb:set package 'fg_bridge' build argument 'cmake_clean_first' from command line to 'False'
[0.344s] Level 5:colcon.colcon_core.verb:set package 'fg_bridge' build argument 'cmake_force_configure' from command line to 'False'
[0.344s] Level 5:colcon.colcon_core.verb:set package 'fg_bridge' build argument 'ament_cmake_args' from command line to 'None'
[0.344s] Level 5:colcon.colcon_core.verb:set package 'fg_bridge' build argument 'catkin_cmake_args' from command line to 'None'
[0.344s] Level 5:colcon.colcon_core.verb:set package 'fg_bridge' build argument 'catkin_skip_building_tests' from command line to 'False'
[0.344s] DEBUG:colcon.colcon_core.verb:Building package 'fg_bridge' with the following arguments: {'ament_cmake_args': None, 'build_base': '/home/diego/Ros2_fg_prj/build/fg_bridge', 'catkin_cmake_args': None, 'catkin_skip_building_tests': False, 'cmake_args': None, 'cmake_clean_cache': False, 'cmake_clean_first': False, 'cmake_force_configure': False, 'cmake_target': None, 'cmake_target_skip_unavailable': False, 'install_base': '/home/diego/Ros2_fg_prj/install/fg_bridge', 'merge_install': False, 'path': '/home/diego/Ros2_fg_prj/src/fg_node', 'symlink_install': True, 'test_result_base': None}
[0.344s] INFO:colcon.colcon_core.executor:Executing jobs using 'parallel' executor
[0.345s] DEBUG:colcon.colcon_parallel_executor.executor.parallel:run_until_complete
[0.345s] INFO:colcon.colcon_ros.task.ament_cmake.build:Building ROS package in '/home/diego/Ros2_fg_prj/src/fg_node' with build type 'ament_cmake'
[0.345s] INFO:colcon.colcon_cmake.task.cmake.build:Building CMake package in '/home/diego/Ros2_fg_prj/src/fg_node'
[0.347s] INFO:colcon.colcon_core.plugin_system:Skipping extension 'colcon_core.shell.bat': Not used on non-Windows systems
[0.347s] INFO:colcon.colcon_core.shell:Skip shell extension 'powershell' for command environment: Not usable outside of PowerShell
[0.347s] DEBUG:colcon.colcon_core.shell:Skip shell extension 'dsv' for command environment
[0.356s] DEBUG:colcon.colcon_core.event_handler.log_command:Invoking command in '/home/diego/Ros2_fg_prj/build/fg_bridge': CMAKE_PREFIX_PATH=${CMAKE_PREFIX_PATH}:/opt/ros/humble /usr/bin/cmake /home/diego/Ros2_fg_prj/src/fg_node -DAMENT_CMAKE_SYMLINK_INSTALL=1 -DCMAKE_INSTALL_PREFIX=/home/diego/Ros2_fg_prj/install/fg_bridge
[1.703s] DEBUG:colcon.colcon_core.event_handler.log_command:Invoked command in '/home/diego/Ros2_fg_prj/build/fg_bridge' returned '0': CMAKE_PREFIX_PATH=${CMAKE_PREFIX_PATH}:/opt/ros/humble /usr/bin/cmake /home/diego/Ros2_fg_prj/src/fg_node -DAMENT_CMAKE_SYMLINK_INSTALL=1 -DCMAKE_INSTALL_PREFIX=/home/diego/Ros2_fg_prj/install/fg_bridge
[1.704s] DEBUG:colcon.colcon_core.event_handler.log_command:Invoking command in '/home/diego/Ros2_fg_prj/build/fg_bridge': CMAKE_PREFIX_PATH=${CMAKE_PREFIX_PATH}:/opt/ros/humble /usr/bin/cmake --build /home/diego/Ros2_fg_prj/build/fg_bridge -- -j12 -l12
[9.739s] DEBUG:colcon.colcon_core.event_handler.log_command:Invoked command in '/home/diego/Ros2_fg_prj/build/fg_bridge' returned '0': CMAKE_PREFIX_PATH=${CMAKE_PREFIX_PATH}:/opt/ros/humble /usr/bin/cmake --build /home/diego/Ros2_fg_prj/build/fg_bridge -- -j12 -l12
[9.749s] DEBUG:colcon.colcon_core.event_handler.log_command:Invoking command in '/home/diego/Ros2_fg_prj/build/fg_bridge': CMAKE_PREFIX_PATH=${CMAKE_PREFIX_PATH}:/opt/ros/humble /usr/bin/cmake --install /home/diego/Ros2_fg_prj/build/fg_bridge
[9.915s] Level 1:colcon.colcon_core.environment:create_environment_scripts_only(fg_bridge)
[9.916s] DEBUG:colcon.colcon_core.event_handler.log_command:Invoked command in '/home/diego/Ros2_fg_prj/build/fg_bridge' returned '0': CMAKE_PREFIX_PATH=${CMAKE_PREFIX_PATH}:/opt/ros/humble /usr/bin/cmake --install /home/diego/Ros2_fg_prj/build/fg_bridge
[9.919s] Level 1:colcon.colcon_core.environment:checking '/home/diego/Ros2_fg_prj/install/fg_bridge' for CMake module files
[9.919s] Level 1:colcon.colcon_core.environment:checking '/home/diego/Ros2_fg_prj/install/fg_bridge' for CMake config files
[9.920s] Level 1:colcon.colcon_core.shell:create_environment_hook('fg_bridge', 'cmake_prefix_path')
[9.920s] INFO:colcon.colcon_core.shell:Creating environment hook '/home/diego/Ros2_fg_prj/install/fg_bridge/share/fg_bridge/hook/cmake_prefix_path.ps1'
[9.921s] INFO:colcon.colcon_core.shell:Creating environment descriptor '/home/diego/Ros2_fg_prj/install/fg_bridge/share/fg_bridge/hook/cmake_prefix_path.dsv'
[9.921s] INFO:colcon.colcon_core.shell:Creating environment hook '/home/diego/Ros2_fg_prj/install/fg_bridge/share/fg_bridge/hook/cmake_prefix_path.sh'
[9.922s] Level 1:colcon.colcon_core.environment:checking '/home/diego/Ros2_fg_prj/install/fg_bridge/lib'
[9.922s] Level 1:colcon.colcon_core.environment:checking '/home/diego/Ros2_fg_prj/install/fg_bridge/bin'
[9.922s] Level 1:colcon.colcon_core.environment:checking '/home/diego/Ros2_fg_prj/install/fg_bridge/lib/pkgconfig/fg_bridge.pc'
[9.922s] Level 1:colcon.colcon_core.environment:checking '/home/diego/Ros2_fg_prj/install/fg_bridge/lib/python3.10/site-packages'
[9.922s] Level 1:colcon.colcon_core.environment:checking '/home/diego/Ros2_fg_prj/install/fg_bridge/bin'
[9.923s] INFO:colcon.colcon_core.shell:Creating package script '/home/diego/Ros2_fg_prj/install/fg_bridge/share/fg_bridge/package.ps1'
[9.924s] INFO:colcon.colcon_core.shell:Creating package descriptor '/home/diego/Ros2_fg_prj/install/fg_bridge/share/fg_bridge/package.dsv'
[9.924s] INFO:colcon.colcon_core.shell:Creating package script '/home/diego/Ros2_fg_prj/install/fg_bridge/share/fg_bridge/package.sh'
[9.925s] INFO:colcon.colcon_core.shell:Creating package script '/home/diego/Ros2_fg_prj/install/fg_bridge/share/fg_bridge/package.bash'
[9.926s] INFO:colcon.colcon_core.shell:Creating package script '/home/diego/Ros2_fg_prj/install/fg_bridge/share/fg_bridge/package.zsh'
[9.927s] Level 1:colcon.colcon_core.environment:create_file_with_runtime_dependencies(/home/diego/Ros2_fg_prj/install/fg_bridge/share/colcon-core/packages/fg_bridge)
[9.927s] Level 1:colcon.colcon_core.environment:create_environment_scripts_only(fg_bridge)
[9.928s] Level 1:colcon.colcon_core.environment:checking '/home/diego/Ros2_fg_prj/install/fg_bridge' for CMake module files
[9.928s] Level 1:colcon.colcon_core.environment:checking '/home/diego/Ros2_fg_prj/install/fg_bridge' for CMake config files
[9.928s] Level 1:colcon.colcon_core.shell:create_environment_hook('fg_bridge', 'cmake_prefix_path')
[9.928s] INFO:colcon.colcon_core.shell:Creating environment hook '/home/diego/Ros2_fg_prj/install/fg_bridge/share/fg_bridge/hook/cmake_prefix_path.ps1'
[9.929s] INFO:colcon.colcon_core.shell:Creating environment descriptor '/home/diego/Ros2_fg_prj/install/fg_bridge/share/fg_bridge/hook/cmake_prefix_path.dsv'
[9.929s] INFO:colcon.colcon_core.shell:Creating environment hook '/home/diego/Ros2_fg_prj/install/fg_bridge/share/fg_bridge/hook/cmake_prefix_path.sh'
[9.929s] Level 1:colcon.colcon_core.environment:checking '/home/diego/Ros2_fg_prj/install/fg_bridge/lib'
[9.929s] Level 1:colcon.colcon_core.environment:checking '/home/diego/Ros2_fg_prj/install/fg_bridge/bin'
[9.930s] Level 1:colcon.colcon_core.environment:checking '/home/diego/Ros2_fg_prj/install/fg_bridge/lib/pkgconfig/fg_bridge.pc'
[9.930s] Level 1:colcon.colcon_core.environment:checking '/home/diego/Ros2_fg_prj/install/fg_bridge/lib/python3.10/site-packages'
[9.930s] Level 1:colcon.colcon_core.environment:checking '/home/diego/Ros2_fg_prj/install/fg_bridge/bin'
[9.930s] INFO:colcon.colcon_core.shell:Creating package script '/home/diego/Ros2_fg_prj/install/fg_bridge/share/fg_bridge/package.ps1'
[9.931s] INFO:colcon.colcon_core.shell:Creating package descriptor '/home/diego/Ros2_fg_prj/install/fg_bridge/share/fg_bridge/package.dsv'
[9.931s] INFO:colcon.colcon_core.shell:Creating package script '/home/diego/Ros2_fg_prj/install/fg_bridge/share/fg_bridge/package.sh'
[9.932s] INFO:colcon.colcon_core.shell:Creating package script '/home/diego/Ros2_fg_prj/install/fg_bridge/share/fg_bridge/package.bash'
[9.932s] INFO:colcon.colcon_core.shell:Creating package script '/home/diego/Ros2_fg_prj/install/fg_bridge/share/fg_bridge/package.zsh'
[9.932s] Level 1:colcon.colcon_core.environment:create_file_with_runtime_dependencies(/home/diego/Ros2_fg_prj/install/fg_bridge/share/colcon-core/packages/fg_bridge)
[9.932s] DEBUG:colcon.colcon_parallel_executor.executor.parallel:closing loop
[9.933s] DEBUG:colcon.colcon_parallel_executor.executor.parallel:loop closed
[9.933s] DEBUG:colcon.colcon_parallel_executor.executor.parallel:run_until_complete finished with '0'
[9.933s] DEBUG:colcon.colcon_core.event_reactor:joining thread
[9.937s] INFO:colcon.colcon_core.plugin_system:Skipping extension 'colcon_notification.desktop_notification.terminal_notifier': Not used on non-Darwin systems
[9.937s] INFO:colcon.colcon_core.plugin_system:Skipping extension 'colcon_notification.desktop_notification.win32': Not used on non-Windows systems
[9.937s] INFO:colcon.colcon_notification.desktop_notification:Sending desktop notification using 'notify2'
[9.948s] DEBUG:colcon.colcon_core.event_reactor:joined thread
[9.948s] INFO:colcon.colcon_core.shell:Creating prefix script '/home/diego/Ros2_fg_prj/install/local_setup.ps1'
[9.949s] INFO:colcon.colcon_core.shell:Creating prefix util module '/home/diego/Ros2_fg_prj/install/_local_setup_util_ps1.py'
[9.951s] INFO:colcon.colcon_core.shell:Creating prefix chain script '/home/diego/Ros2_fg_prj/install/setup.ps1'
[9.952s] INFO:colcon.colcon_core.shell:Creating prefix script '/home/diego/Ros2_fg_prj/install/local_setup.sh'
[9.953s] INFO:colcon.colcon_core.shell:Creating prefix util module '/home/diego/Ros2_fg_prj/install/_local_setup_util_sh.py'
[9.953s] INFO:colcon.colcon_core.shell:Creating prefix chain script '/home/diego/Ros2_fg_prj/install/setup.sh'
[9.954s] INFO:colcon.colcon_core.shell:Creating prefix script '/home/diego/Ros2_fg_prj/install/local_setup.bash'
[9.955s] INFO:colcon.colcon_core.shell:Creating prefix chain script '/home/diego/Ros2_fg_prj/install/setup.bash'
[9.956s] INFO:colcon.colcon_core.shell:Creating prefix script '/home/diego/Ros2_fg_prj/install/local_setup.zsh'
[9.956s] INFO:colcon.colcon_core.shell:Creating prefix chain script '/home/diego/Ros2_fg_prj/install/setup.zsh'
